// 重构日志: 5988fa09
// 重构日志: ae122ebf
// 重构日志: 1e7a962c
// 重构日志: 7c24d95b
// 重构日志: 8ce86845
// 重构日志: dd89cdb1
// 重构日志: f3c0327a
// 重构日志: a9ce89bb
// 同步 ID: 3bc03ced @ Sun Jul 19 00:06:11 UTC 2026
// 同步 ID: b05a3d43 @ Sun Jul 19 03:45:30 UTC 2026
// 同步 ID: f238f885 @ Sun Jul 19 09:36:09 UTC 2026
// 重构日志: 3d7b2f43
// 同步 ID: 1ffeef75 @ Sun Jul 19 14:34:06 UTC 2026
// 同步 ID: 5c9dbf73 @ Sun Jul 19 21:07:52 UTC 2026
// 同步 ID: 232d830d @ Mon Jul 20 00:28:25 UTC 2026
// 重构日志: bd8beb1c
// 重构日志: 58e948aa
// 重构日志: f90b2006
// 重构日志: 1d4ec43d
// 同步 ID: 0366165c @ Tue Jul 21 15:29:10 UTC 2026
// 重构日志: 57155975
// 同步 ID: e263365a @ Wed Jul 22 14:27:51 UTC 2026
// 重构日志: 4f6d2aa1
// 重构日志: 217ee71c
// 重构日志: 4a7e305f
// 同步 ID: 2d5c2ba7 @ Fri Jul 24 10:01:41 UTC 2026
// 同步 ID: 967f004d @ Fri Jul 24 12:01:37 UTC 2026
// 重构日志: 985f2996
// 同步 ID: a54c20d2 @ Sat Jul 25 17:55:17 UTC 2026
// 同步 ID: 6dc461bb @ Tue Jul 28 03:40:08 UTC 2026
// 重构日志: 96a4afbe
// 重构日志: 193faf20
// 重构日志: 132f74f1
// 重构日志: 01b6f813
